// Jest Snapshot v1, https://goo.gl/fbAQLP

exports[`Comment queries  Should receive all comments writen by selected user 1`] = `
Array [
  Object {
    "product": Object {
      "_id": "be89b5471126f0fdef739755",
    },
    "show": false,
    "text": "Test text",
    "user": Object {
      "email": "ermn7dyptp@yahoo.com",
    },
  },
]
`;
