// Jest Snapshot v1, https://goo.gl/fbAQLP

exports[`querries #2 Should receive all news 1`] = `
Object {
  "__typename": "News",
  "_id": "5f2ad470eb08183384e6797b",
  "author": Object {
    "__typename": "Author",
    "name": Array [
      Object {
        "__typename": "Language",
        "value": "a sd",
      },
      Object {
        "__typename": "Language",
        "value": "a sd",
      },
    ],
  },
  "date": "1111118820047",
  "images": Object {
    "__typename": "PrimaryImage",
    "additional": Array [
      Object {
        "__typename": "ImageSet",
        "medium": "as dasdsa.jpg",
      },
    ],
    "primary": Object {
      "__typename": "ImageSet",
      "medium": "ada s.jpg",
    },
  },
  "text": Array [
    Object {
      "__typename": "Language",
      "value": "u p d a t e d a s d",
    },
    Object {
      "__typename": "Language",
      "value": "update d a s d",
    },
  ],
  "title": Array [
    Object {
      "__typename": "Language",
      "value": "azzzzda",
    },
    Object {
      "__typename": "Language",
      "value": "aadaszzdas",
    },
  ],
}
`;
