// Jest Snapshot v1, https://goo.gl/fbAQLP

exports[`querries should recive user by token like in service and resolver 1`] = `
Object {
  "address": null,
  "credentials": Array [
    Object {
      "source": "horondi",
      "tokenPass": "$2a$12$RrcCJx8qZJhpvs8zQHdM8e1dXXSdOMe5tHpQUdYnuEOauJRgfI7xC",
    },
  ],
  "email": "tacjka334@gmail.com",
  "firstName": "Petro",
  "lastName": "Tatsenyak",
  "orders": Array [],
  "phoneNumber": null,
  "purchasedProducts": Array [],
  "registrationDate": "1594383758913",
  "role": null,
  "wishlist": Array [],
}
`;
